aarch64-linux-gnu-ld: avviso: executables_shm/obj/binarysearch-linked.o ha un segmento LOAD con permessi RWX
aarch64-linux-gnu-ld: avviso: executables_shm/obj/bitcount-linked.o ha un segmento LOAD con permessi RWX
aarch64-linux-gnu-ld: avviso: executables_shm/obj/bitonic-linked.o ha un segmento LOAD con permessi RWX
aarch64-linux-gnu-ld: avviso: executables_shm/obj/bsort-linked.o ha un segmento LOAD con permessi RWX
aarch64-linux-gnu-ld: avviso: executables_shm/obj/countnegative-linked.o ha un segmento LOAD con permessi RWX
aarch64-linux-gnu-ld: avviso: executables_shm/obj/fac-linked.o ha un segmento LOAD con permessi RWX
aarch64-linux-gnu-ld: avviso: executables_shm/obj/fft-linked.o ha un segmento LOAD con permessi RWX
aarch64-linux-gnu-ld: avviso: executables_shm/obj/fir2dim-linked.o ha un segmento LOAD con permessi RWX
aarch64-linux-gnu-ld: avviso: executables_shm/obj/iir-linked.o ha un segmento LOAD con permessi RWX
aarch64-linux-gnu-ld: avviso: executables_shm/obj/insertsort-linked.o ha un segmento LOAD con permessi RWX
aarch64-linux-gnu-ld: avviso: executables_shm/obj/jfdctint-linked.o ha un segmento LOAD con permessi RWX
aarch64-linux-gnu-ld: avviso: executables_shm/obj/lms-linked.o ha un segmento LOAD con permessi RWX
aarch64-linux-gnu-ld: avviso: executables_shm/obj/ludcmp-linked.o ha un segmento LOAD con permessi RWX
aarch64-linux-gnu-ld: avviso: executables_shm/obj/matrix1-linked.o ha un segmento LOAD con permessi RWX
aarch64-linux-gnu-ld: avviso: executables_shm/obj/md5-linked.o ha un segmento LOAD con permessi RWX
aarch64-linux-gnu-ld: avviso: executables_shm/obj/minver-linked.o ha un segmento LOAD con permessi RWX
aarch64-linux-gnu-ld: avviso: executables_shm/obj/pm-linked.o ha un segmento LOAD con permessi RWX
aarch64-linux-gnu-ld: avviso: executables_shm/obj/prime-linked.o ha un segmento LOAD con permessi RWX
aarch64-linux-gnu-ld: avviso: executables_shm/obj/quicksort-linked.o ha un segmento LOAD con permessi RWX
aarch64-linux-gnu-ld: avviso: executables_shm/obj/recursion-linked.o ha un segmento LOAD con permessi RWX
aarch64-linux-gnu-ld: avviso: executables_shm/obj/sha-linked.o ha un segmento LOAD con permessi RWX
aarch64-linux-gnu-ld: avviso: executables_shm/obj/st-linked.o ha un segmento LOAD con permessi RWX
aarch64-linux-gnu-ld: avviso: executables_shm/obj/rad2deg-linked.o ha un segmento LOAD con permessi RWX
aarch64-linux-gnu-ld: avviso: executables_shm/obj/deg2rad-linked.o ha un segmento LOAD con permessi RWX
aarch64-linux-gnu-ld: avviso: executables_shm/obj/cubic-linked.o ha un segmento LOAD con permessi RWX
aarch64-linux-gnu-ld: avviso: executables_shm/obj/cosf-linked.o ha un segmento LOAD con permessi RWX
aarch64-linux-gnu-ld: avviso: executables_shm/obj/isqrt-linked.o ha un segmento LOAD con permessi RWX
aarch64-linux-gnu-ld: avviso: executables_shm/obj/adpcm_dec-linked.o ha un segmento LOAD con permessi RWX
aarch64-linux-gnu-ld: avviso: executables_shm/obj/adpcm_enc-linked.o ha un segmento LOAD con permessi RWX
aarch64-linux-gnu-ld: avviso: executables_shm/obj/ammunition-linked.o ha un segmento LOAD con permessi RWX
aarch64-linux-gnu-ld: avviso: executables_shm/obj/anagram-linked.o ha un segmento LOAD con permessi RWX
aarch64-linux-gnu-ld: avviso: executables_shm/obj/audiobeam-linked.o ha un segmento LOAD con permessi RWX
aarch64-linux-gnu-ld: avviso: executables_shm/obj/cjpeg_transupp-linked.o ha un segmento LOAD con permessi RWX
aarch64-linux-gnu-ld: avviso: executables_shm/obj/cjpeg_wrbmp-linked.o ha un segmento LOAD con permessi RWX
aarch64-linux-gnu-ld: avviso: executables_shm/obj/dijkstra-linked.o ha un segmento LOAD con permessi RWX
aarch64-linux-gnu-ld: avviso: executables_shm/obj/epic-linked.o ha un segmento LOAD con permessi RWX
aarch64-linux-gnu-ld: avviso: executables_shm/obj/fmref-linked.o ha un segmento LOAD con permessi RWX
aarch64-linux-gnu-ld: avviso: executables_shm/obj/g723_enc-linked.o ha un segmento LOAD con permessi RWX
aarch64-linux-gnu-ld: avviso: executables_shm/obj/gsm_dec-linked.o ha un segmento LOAD con permessi RWX
aarch64-linux-gnu-ld: avviso: executables_shm/obj/gsm_enc-linked.o ha un segmento LOAD con permessi RWX
aarch64-linux-gnu-ld: avviso: executables_shm/obj/h264_dec-linked.o ha un segmento LOAD con permessi RWX
aarch64-linux-gnu-ld: avviso: executables_shm/obj/mpeg2-linked.o ha un segmento LOAD con permessi RWX
aarch64-linux-gnu-ld: avviso: executables_shm/obj/ndes-linked.o ha un segmento LOAD con permessi RWX
aarch64-linux-gnu-ld: avviso: executables_shm/obj/petrinet-linked.o ha un segmento LOAD con permessi RWX
aarch64-linux-gnu-ld: avviso: executables_shm/obj/rijndael_dec-linked.o ha un segmento LOAD con permessi RWX
aarch64-linux-gnu-ld: avviso: executables_shm/obj/rijndael_enc-linked.o ha un segmento LOAD con permessi RWX
aarch64-linux-gnu-ld: avviso: executables_shm/obj/statemate-linked.o ha un segmento LOAD con permessi RWX
aarch64-linux-gnu-ld: avviso: executables_shm/obj/powerwindow-linked.o ha un segmento LOAD con permessi RWX
aarch64-linux-gnu-ld: avviso: executables_shm/obj/lift-linked.o ha un segmento LOAD con permessi RWX
aarch64-linux-gnu-ld: avviso: executables_shm/obj/cover-linked.o ha un segmento LOAD con permessi RWX
aarch64-linux-gnu-ld: avviso: executables_shm/obj/duff-linked.o ha un segmento LOAD con permessi RWX
aarch64-linux-gnu-ld: avviso: executables_shm/obj/test3-linked.o ha un segmento LOAD con permessi RWX
